// Jest Snapshot v1, https://goo.gl/fbAQLP

exports[`Header 1`] = `
.c1 {
  width: 100%;
  max-width: 1240px;
  height: 100%;
  padding: 0 10px;
  margin: 0 auto;
}

.c0 {
  -webkit-flex: 0 0 auto;
  -ms-flex: 0 0 auto;
  flex: 0 0 auto;
  background-color: var(--header-background-color);
}

.c2 {
  display: -webkit-box;
  display: -webkit-flex;
  display: -ms-flexbox;
  display: flex;
  height: 120px;
  -webkit-align-items: center;
  -webkit-box-align: center;
  -ms-flex-align: center;
  align-items: center;
  -webkit-box-pack: justify;
  -webkit-justify-content: space-between;
  -ms-flex-pack: justify;
  justify-content: space-between;
  padding: 0;
}

.c3 img {
  width: 200px;
  height: 105px;
}

.c4 {
  display: -webkit-box;
  display: -webkit-flex;
  display: -ms-flexbox;
  display: flex;
  -webkit-align-items: center;
  -webkit-box-align: center;
  -ms-flex-align: center;
  align-items: center;
}

.c5 {
  display: -webkit-box;
  display: -webkit-flex;
  display: -ms-flexbox;
  display: flex;
  padding: 0;
}

.c5 li + li {
  margin: 0 0 0 40px;
}

.c6 a {
  padding: 10px 20px;
  border-radius: 20px;
  background-color: #ffffff;
  font-weight: 700;
}

.c6 a:hover {
  color: #;
}

.c6.active a {
  background-color: #c0c0c0;
}

.c7 {
  padding: 10px 20px;
  border-radius: 20px;
  background-color: #ffffff;
}

<div>
  <header
    class="c0"
  >
    <div
      class="c1"
    >
      <div
        class="c2"
      >
        <div
          class="c3"
        >
          <a
            aria-label="redirect to home page"
            href="/"
          >
            <img
              alt=""
            />
          </a>
        </div>
        <div
          class="c4"
        >
          <nav>
            <ul
              class="c5"
            >
              <li
                class="c6 active"
              >
                <a
                  class="c7"
                  href="/"
                >
                  Home
                </a>
              </li>
              <li
                class="c6"
              >
                <a
                  class="c7"
                  href="/users"
                >
                  Users
                </a>
              </li>
              <li
                class="c6"
              >
                <a
                  class="c7"
                  href="/posts"
                >
                  Posts
                </a>
              </li>
              <li
                class="c6"
              >
                <a
                  class="c7"
                  href="/todos"
                >
                  Todos
                </a>
              </li>
            </ul>
          </nav>
        </div>
      </div>
    </div>
  </header>
</div>
`;
